// Jest Snapshot v1, https://goo.gl/fbAQLP

exports[`Renders the Navbar page 1`] = `
<div>
  <header>
    <h1>
      Math Magicians
    </h1>
    <nav>
      <ul>
        <li>
          <a
            class="nav-link"
            href="/"
          >
            Home
          </a>
        </li>
        <li>
          <a
            class="nav-link"
            href="/calculator"
          >
            Calculator
          </a>
        </li>
        <li>
          <a
            class="nav-link"
            href="/quete"
          >
            Quete
          </a>
        </li>
      </ul>
    </nav>
  </header>
</div>
`;
