// Jest Snapshot v1, https://goo.gl/fbAQLP

exports[`Renders the Quote page 1`] = `
<main>
  <div>
    <q>
      Mathematics is not about numbers, equations, computations, or algorithms: it is about understanding. â€“William Paul Thurston
    </q>
  </div>
</main>
`;
